XcDfQWFNJ NJDKSNKFJ Njnjknfjs nfEasdERT ddishifhs iohfishdf osihfosid hfosidhfR
sidhfRTY
f R T
frty
c D f Q W F N J N J
fRTYTY
