0.8414709848078965
--<<ЖЖЖ>>--
0.9092974268256817
0.1411200080598672
-0.7568024953079282
0.5403023058681398
4, 10
