100 * 100 = 10000 100 * 101 = 10100 100 * 102 = 10200 
101 * 100 = 10100 101 * 101 = 10201 101 * 102 = :=) 
102 * 100 = 10200 102 * 101 = :=) 102 * 102 = 10404 
