1112 * 1112 = 1236544 1112 * 1113 = 1237656 1112 * 1114 = 1238768 
1113 * 1112 = 1237656 1113 * 1113 = 1238769 1113 * 1114 = 1239882 
1114 * 1112 = 1238768 1114 * 1113 = 1239882 1114 * 1114 = 1240996 
