Invalid Input
Invalid Input
Invalid Input
Not a triangle
Invalid Input
3.00
