f=grange(6, 3, 108575), g=grange(7, 5, 104856), h=grange(11, 11, 10485577)
[12, 48, 192, 768](False), [5, 25, 125, 625, 3125](False)
len(f)=9, len(g)=6, len(h)=6
len(list(f))=9, len(list(g))=6, len(list(h))=6
f[2]=54, h[33]=255476698618765889551019445759400441
one=grange(3, 3, 3276), one[1]=9
two=grange(3, 161051, 3267), two[2]=77812273803, list(two)=[3]
one=grange(3, 3, 3276), one[1]=9
two=grange(1, 5, 1), two[2]=25, list(two)=[]
