OOOTORTOR, OORTORTOR, OOTORRTOR, OOTORTORR, OOTORTTOR, OOTTORTOR, ORRTORTOR, ORTORRTOR, ORTORTORR, ORTORTTOR, ORTTORTOR, OTORRRTOR, OTORRTORR, OTORRTTOR, OTORTORRR, OTORTTORR, OTORTTTOR, OTTORRTOR, OTTORTORR, OTTORTTOR, OTTTORTOR, RRRTORTOR, RRTORRTOR, RRTORTORR, RRTORTTOR, RRTTORTOR, RTORRRTOR, RTORRTORR, RTORRTTOR, RTORTORRR, RTORTTORR, RTORTTTOR, RTTORRTOR, RTTORTORR, RTTORTTOR, RTTTORTOR, TOOTORTOR, TOROOOTOR, TOROORTOR, TOROOTORR, TOROOTTOR, TORORRTOR, TORORTORR, TORORTTOR, TOROTORRR, TOROTTORR, TOROTTTOR, TORROOTOR, TORRORTOR, TORROTORR, TORROTTOR, TORRROTOR, TORRRRTOR, TORRRTORO, TORRRTORR, TORRRTORT, TORRRTTOR, TORRTOROO, TORRTOROR, TORRTORRO, TORRTORRR, TORRTORRT, TORRTORTO, TORRTORTR, TORRTORTT, TORRTOTOR, TORRTRTOR, TORRTTORO, TORRTTORR, TORRTTORT, TORRTTTOR, TORTOOTOR, TORTOROOO, TORTOROOR, TORTORORR, TORTORROO, TORTORROR, TORTORRRO, TORTORRRR, TORTORRRT, TORTORRTO, TORTORRTR, TORTORRTT, TORTORTOO, TORTORTRR, TORTORTTO, TORTORTTR, TORTORTTT, TORTOTORR, TORTOTTOR, TORTRRTOR, TORTRTORR, TORTRTTOR, TORTTOROO, TORTTOROR, TORTTORRO, TORTTORRR, TORTTORRT, TORTTORTO, TORTTORTR, TORTTORTT, TORTTOTOR, TORTTRTOR, TORTTTORO, TORTTTORR, TORTTTORT, TORTTTTOR, TOTORRTOR, TOTORTORR, TOTORTTOR, TOTTORTOR, TRRTORTOR, TRTORRTOR, TRTORTORR, TRTORTTOR, TRTTORTOR, TTOROOTOR, TTORORTOR, TTOROTORR, TTOROTTOR, TTORROTOR, TTORRRTOR, TTORRTORO, TTORRTORR, TTORRTORT, TTORRTTOR, TTORTOROO, TTORTOROR, TTORTORRO, TTORTORRR, TTORTORRT, TTORTORTO, TTORTORTR, TTORTORTT, TTORTOTOR, TTORTRTOR, TTORTTORO, TTORTTORR, TTORTTORT, TTORTTTOR, TTOTORTOR, TTRTORTOR, TTTOROTOR, TTTORRTOR, TTTORTORO, TTTORTORR, TTTORTORT, TTTORTTOR, TTTTORTOR