__init__: (10,), {}
sub: (9,), {}
-9
sub: (9,), {'another': 10}
-9
