__init__: (10,), {}
add: (9,), {}
47
add: (10,), {'another': 10}
49
add: (15,), {}
103
add: (20,), {'another': 30}
114
add: (15,), {}
173
add: (20,), {'another': 30}
149
add: (15,), {}
243
add: (5,), {'another': 12}
136
add: (1,), {}
241
add: (2,), {'another': 3}
127
add: (15,), {}
289
add: (10,), {'another': 5}
162
