#######
#.....#
#~~~~~#
#~~~~~#
#~~~~~#
#######
.............         8/20
~~~~~~~~~~~~~~~~~~~~ 12/20
