########
#......#
#......#
#......#
#~~~~~~#
########
.................... 20/24
~~~~                  4/24
