r(False):0.0 s(False):0.0 t(False):0.0 o(False):0.0
s < t=False, o < t=False, r < t=False, r < s=False
s in t=True, o in t=True, r in t=True
r & t=False, t & r=False, s & r=False, o & t=False
