Ввести со стандартного ввода и вывести на стандартный вывод бинарные данные, первый байт которых \x97 это количество равных (±1 байт) частей, на которые нужно разделить остальной ввод, отсортировать эти части между собой по возрастанию, и вывести на стандартный вывод (вместе со стартовым байтом вначале).
